// Jest Snapshot v1, https://goo.gl/fbAQLP

exports[`renders correctly 1`] = `
<ul
  className="MuiList-root-3 MuiList-padding-4 Followers-root-1"
/>
`;
